// Jest Snapshot v1, https://goo.gl/fbAQLP

exports[`renders without crashing 1`] = `
<div>
  <div>
    <h1
      class="bg-black text-white"
    >
      Testing
    </h1>
  </div>
</div>
`;
